---
source: crates/oxc_semantic/tests/typescript-eslint/main.rs
input_file: crates/oxc_semantic/tests/typescript-eslint/fixtures/functions/arrow/no-body.ts
---
[
  {
    "children": [
      {
        "flag": "ScopeFlags(StrictMode | Function | Arrow)",
        "id": 1,
        "symbols": [
          {
            "flag": "SymbolFlags(FunctionScopedVariable)",
            "id": 0,
            "name": "a",
            "references": [
              {
                "flag": "ReferenceFlag(Read)",
                "name": "a"
              }
            ]
          }
        ]
      }
    ],
    "flag": "ScopeFlags(StrictMode | Top)",
    "id": 0,
    "symbols": []
  }
]
