---
source: crates/oxc_semantic/tests/typescript-eslint/main.rs
input_file: crates/oxc_semantic/tests/typescript-eslint/fixtures/type-declaration/type-parameters/interface/extends-reference.ts
---
[
  {
    "children": [
      {
        "flag": "ScopeFlags(StrictMode)",
        "id": 1,
        "symbols": [
          {
            "flag": "SymbolFlags(TypeParameter)",
            "id": 1,
            "name": "T",
            "references": []
          }
        ]
      },
      {
        "flag": "ScopeFlags(StrictMode)",
        "id": 2,
        "symbols": [
          {
            "flag": "SymbolFlags(TypeParameter)",
            "id": 3,
            "name": "T",
            "references": []
          }
        ]
      }
    ],
    "flag": "ScopeFlags(StrictMode | Top)",
    "id": 0,
    "symbols": [
      {
        "flag": "SymbolFlags(Interface)",
        "id": 0,
        "name": "A",
        "references": [
          {
            "flag": "ReferenceFlag(Read)",
            "name": "A"
          }
        ]
      },
      {
        "flag": "SymbolFlags(Interface)",
        "id": 2,
        "name": "Foo",
        "references": []
      }
    ]
  }
]
