---
source: crates/oxc_semantic/tests/typescript-eslint/main.rs
input_file: crates/oxc_semantic/tests/typescript-eslint/fixtures/class/expression/private-identifier.ts
---
[
  {
    "children": [
      {
        "children": [
          {
            "flag": "ScopeFlags(StrictMode | Function | Constructor)",
            "id": 2,
            "symbols": []
          }
        ],
        "flag": "ScopeFlags(StrictMode)",
        "id": 1,
        "symbols": []
      }
    ],
    "flag": "ScopeFlags(StrictMode | Top)",
    "id": 0,
    "symbols": [
      {
        "flag": "SymbolFlags(BlockScopedVariable | ConstVariable)",
        "id": 0,
        "name": "Foo",
        "references": []
      }
    ]
  }
]
