---
source: crates/oxc_semantic/tests/typescript-eslint/main.rs
input_file: crates/oxc_semantic/tests/typescript-eslint/fixtures/class/expression/self-reference-super.ts
---
[
  {
    "children": [
      {
        "flag": "ScopeFlags(StrictMode)",
        "id": 1,
        "symbols": [
          {
            "flag": "SymbolFlags(Class)",
            "id": 1,
            "name": "A",
            "references": [
              {
                "flag": "ReferenceFlag(Read)",
                "name": "A"
              }
            ]
          }
        ]
      }
    ],
    "flag": "ScopeFlags(StrictMode | Top)",
    "id": 0,
    "symbols": [
      {
        "flag": "SymbolFlags(BlockScopedVariable | ConstVariable)",
        "id": 0,
        "name": "A",
        "references": []
      }
    ]
  }
]
