---
source: crates/oxc_semantic/tests/typescript-eslint/main.rs
input_file: crates/oxc_semantic/tests/typescript-eslint/fixtures/member-expression/member-expression.ts
---
[
  {
    "flag": "ScopeFlags(StrictMode | Top)",
    "id": 0,
    "symbols": [
      {
        "flag": "SymbolFlags(BlockScopedVariable | ConstVariable)",
        "id": 0,
        "name": "x",
        "references": [
          {
            "flag": "ReferenceFlag(Read)",
            "name": "x"
          },
          {
            "flag": "ReferenceFlag(Read)",
            "name": "x"
          },
          {
            "flag": "ReferenceFlag(Read)",
            "name": "x"
          },
          {
            "flag": "ReferenceFlag(Read)",
            "name": "x"
          },
          {
            "flag": "ReferenceFlag(Read)",
            "name": "x"
          }
        ]
      }
    ]
  }
]
