---
source: crates/oxc_semantic/tests/typescript-eslint/main.rs
input_file: crates/oxc_semantic/tests/typescript-eslint/fixtures/functions/function-declaration/name-shadowed-in-body.ts
---
[
  {
    "children": [
      {
        "flag": "ScopeFlags(StrictMode | Function)",
        "id": 1,
        "symbols": [
          {
            "flag": "SymbolFlags(BlockScopedVariable | ConstVariable)",
            "id": 1,
            "name": "Foo",
            "references": []
          }
        ]
      }
    ],
    "flag": "ScopeFlags(StrictMode | Top)",
    "id": 0,
    "symbols": [
      {
        "flag": "SymbolFlags(BlockScopedVariable | Function)",
        "id": 0,
        "name": "Foo",
        "references": [
          {
            "flag": "ReferenceFlag(Read)",
            "name": "Foo"
          }
        ]
      },
      {
        "flag": "SymbolFlags(BlockScopedVariable | ConstVariable)",
        "id": 2,
        "name": "usage",
        "references": []
      }
    ]
  }
]
