---
source: crates/oxc_semantic/tests/typescript-eslint/main.rs
input_file: crates/oxc_semantic/tests/typescript-eslint/fixtures/jsx/fragment-children.tsx
---
[
  {
    "flag": "ScopeFlags(StrictMode | Top)",
    "id": 0,
    "symbols": [
      {
        "flag": "SymbolFlags(BlockScopedVariable | ConstVariable)",
        "id": 0,
        "name": "child",
        "references": [
          {
            "flag": "ReferenceFlag(Read)",
            "name": "child"
          }
        ]
      }
    ]
  }
]
