---
source: crates/oxc_semantic/tests/typescript-eslint/main.rs
input_file: crates/oxc_semantic/tests/typescript-eslint/fixtures/type-assertion/assignment/as-assignment.ts
---
[
  {
    "flag": "ScopeFlags(StrictMode | Top)",
    "id": 0,
    "symbols": [
      {
        "flag": "SymbolFlags(BlockScopedVariable)",
        "id": 0,
        "name": "x",
        "references": [
          {
            "flag": "ReferenceFlag(Read | Write)",
            "name": "x"
          }
        ]
      }
    ]
  }
]
