---
source: crates/oxc_semantic/tests/typescript-eslint/main.rs
input_file: crates/oxc_semantic/tests/typescript-eslint/fixtures/functions/function-declaration/default-params/readable-ref-body-shadow.ts
---
[
  {
    "children": [
      {
        "flag": "ScopeFlags(StrictMode | Function)",
        "id": 1,
        "symbols": [
          {
            "flag": "SymbolFlags(FunctionScopedVariable)",
            "id": 2,
            "name": "b",
            "references": []
          },
          {
            "flag": "SymbolFlags(BlockScopedVariable)",
            "id": 3,
            "name": "a",
            "references": []
          }
        ]
      }
    ],
    "flag": "ScopeFlags(StrictMode | Top)",
    "id": 0,
    "symbols": [
      {
        "flag": "SymbolFlags(BlockScopedVariable)",
        "id": 0,
        "name": "a",
        "references": [
          {
            "flag": "ReferenceFlag(Read)",
            "name": "a"
          }
        ]
      },
      {
        "flag": "SymbolFlags(BlockScopedVariable | Function)",
        "id": 1,
        "name": "foo",
        "references": []
      }
    ]
  }
]
