---
source: crates/oxc_semantic/tests/typescript-eslint/main.rs
input_file: crates/oxc_semantic/tests/typescript-eslint/fixtures/export/named2.ts
---
[
  {
    "flag": "ScopeFlags(StrictMode | Top)",
    "id": 0,
    "symbols": [
      {
        "flag": "SymbolFlags(BlockScopedVariable | ConstVariable | Export)",
        "id": 0,
        "name": "a",
        "references": [
          {
            "flag": "ReferenceFlag(Read)",
            "name": "a"
          }
        ]
      }
    ]
  }
]
