---
source: crates/oxc_semantic/tests/typescript-eslint/main.rs
input_file: crates/oxc_semantic/tests/typescript-eslint/fixtures/type-declaration/signatures/method-computed-name2.ts
---
[
  {
    "children": [
      {
        "flag": "ScopeFlags(StrictMode)",
        "id": 1,
        "symbols": [
          {
            "flag": "SymbolFlags(EnumMember)",
            "id": 1,
            "name": "a",
            "references": []
          }
        ]
      }
    ],
    "flag": "ScopeFlags(StrictMode | Top)",
    "id": 0,
    "symbols": [
      {
        "flag": "SymbolFlags(RegularEnum)",
        "id": 0,
        "name": "Foo",
        "references": []
      },
      {
        "flag": "SymbolFlags(TypeAlias)",
        "id": 2,
        "name": "A",
        "references": []
      }
    ]
  }
]
