---
source: crates/oxc_semantic/tests/typescript-eslint/main.rs
input_file: crates/oxc_semantic/tests/typescript-eslint/fixtures/call-expression/call-expression.ts
---
[
  {
    "children": [
      {
        "flag": "ScopeFlags(StrictMode | Function | Arrow)",
        "id": 1,
        "symbols": []
      }
    ],
    "flag": "ScopeFlags(StrictMode | Top)",
    "id": 0,
    "symbols": [
      {
        "flag": "SymbolFlags(BlockScopedVariable | ConstVariable)",
        "id": 0,
        "name": "foo",
        "references": [
          {
            "flag": "ReferenceFlag(Read)",
            "name": "foo"
          },
          {
            "flag": "ReferenceFlag(Read)",
            "name": "foo"
          }
        ]
      },
      {
        "flag": "SymbolFlags(BlockScopedVariable | ConstVariable)",
        "id": 1,
        "name": "a",
        "references": [
          {
            "flag": "ReferenceFlag(Read)",
            "name": "a"
          },
          {
            "flag": "ReferenceFlag(Read)",
            "name": "a"
          }
        ]
      }
    ]
  }
]
