---
source: crates/oxc_semantic/tests/typescript-eslint/main.rs
input_file: crates/oxc_semantic/tests/typescript-eslint/fixtures/decorators/accessor.ts
---
[
  {
    "children": [
      {
        "flag": "ScopeFlags(StrictMode | Function)",
        "id": 1,
        "symbols": []
      },
      {
        "flag": "ScopeFlags(StrictMode | Function | GetAccessor)",
        "id": 2,
        "symbols": []
      },
      {
        "flag": "ScopeFlags(StrictMode | Function | SetAccessor)",
        "id": 3,
        "symbols": [
          {
            "flag": "SymbolFlags(FunctionScopedVariable)",
            "id": 2,
            "name": "value",
            "references": []
          }
        ]
      }
    ],
    "flag": "ScopeFlags(StrictMode | Top)",
    "id": 0,
    "symbols": [
      {
        "flag": "SymbolFlags(BlockScopedVariable | Function)",
        "id": 0,
        "name": "decorator",
        "references": [
          {
            "flag": "ReferenceFlag(Read)",
            "name": "decorator"
          },
          {
            "flag": "ReferenceFlag(Read)",
            "name": "decorator"
          }
        ]
      },
      {
        "flag": "SymbolFlags(Class)",
        "id": 1,
        "name": "Foo",
        "references": []
      }
    ]
  }
]
