---
source: crates/oxc_semantic/tests/typescript-eslint/main.rs
input_file: crates/oxc_semantic/tests/typescript-eslint/fixtures/decorators/class-deco-with-object-param.ts
---
[
  {
    "children": [
      {
        "flag": "ScopeFlags(StrictMode | Function)",
        "id": 1,
        "symbols": [
          {
            "flag": "SymbolFlags(FunctionScopedVariable)",
            "id": 0,
            "name": "param",
            "references": []
          }
        ]
      }
    ],
    "flag": "ScopeFlags(StrictMode | Top)",
    "id": 0,
    "symbols": [
      {
        "flag": "SymbolFlags(Class)",
        "id": 1,
        "name": "Foo",
        "references": []
      }
    ]
  }
]
