---
source: crates/oxc_semantic/tests/typescript-eslint/main.rs
input_file: crates/oxc_semantic/tests/typescript-eslint/fixtures/jsx/factory/default-jsxFragmentName.tsx
---
[
  {
    "flag": "ScopeFlags(StrictMode | Top)",
    "id": 0,
    "symbols": [
      {
        "flag": "SymbolFlags(ImportBinding)",
        "id": 0,
        "name": "React",
        "references": []
      },
      {
        "flag": "SymbolFlags(ImportBinding)",
        "id": 1,
        "name": "Fragment",
        "references": []
      }
    ]
  }
]
